abc
bca
aaa
